Archive member included because of file (symbol)

c:/winavr-20100110/bin/../lib/gcc/avr/4.3.3/avr5\libgcc.a(_udivmodsi4.o)
                              ./timer.o (__udivmodsi4)
c:/winavr-20100110/bin/../lib/gcc/avr/4.3.3/avr5\libgcc.a(_exit.o)
                              c:/winavr-20100110/bin/../lib/gcc/avr/4.3.3/../../../../avr/lib/avr5/crtm32.o (exit)
c:/winavr-20100110/bin/../lib/gcc/avr/4.3.3/avr5\libgcc.a(_copy_data.o)
                              ./Ultrasonic_sensor _HC-SR04.o (__do_copy_data)
c:/winavr-20100110/bin/../lib/gcc/avr/4.3.3/avr5\libgcc.a(_clear_bss.o)
                              ./ICU.o (__do_clear_bss)

Allocating common symbols
Common symbol       size              file

choice              0x1               ./app.o

Memory Configuration

Name             Origin             Length             Attributes
text             0x00000000         0x00020000         xr
data             0x00800060         0x0000ffa0         rw !x
eeprom           0x00810000         0x00010000         rw !x
fuse             0x00820000         0x00000400         rw !x
lock             0x00830000         0x00000400         rw !x
signature        0x00840000         0x00000400         rw !x
*default*        0x00000000         0xffffffff

Linker script and memory map

LOAD c:/winavr-20100110/bin/../lib/gcc/avr/4.3.3/../../../../avr/lib/avr5/crtm32.o
LOAD ./Buzzer.o
LOAD ./DcMotor.o
LOAD ./GPIO.o
LOAD ./ICU.o
LOAD ./MotorDriver.o
LOAD ./Ultrasonic_sensor _HC-SR04.o
LOAD ./adc.o
LOAD ./app.o
LOAD ./bluetooth.o
LOAD ./servo.o
LOAD ./timer.o
LOAD ./uart.o
LOAD c:/winavr-20100110/bin/../lib/gcc/avr/4.3.3/avr5\libgcc.a
LOAD c:/winavr-20100110/bin/../lib/gcc/avr/4.3.3/../../../../avr/lib/avr5\libc.a
LOAD c:/winavr-20100110/bin/../lib/gcc/avr/4.3.3/avr5\libgcc.a

.hash
 *(.hash)

.dynsym
 *(.dynsym)

.dynstr
 *(.dynstr)

.gnu.version
 *(.gnu.version)

.gnu.version_d
 *(.gnu.version_d)

.gnu.version_r
 *(.gnu.version_r)

.rel.init
 *(.rel.init)

.rela.init
 *(.rela.init)

.rel.text
 *(.rel.text)
 *(.rel.text.*)
 *(.rel.gnu.linkonce.t*)

.rela.text
 *(.rela.text)
 *(.rela.text.*)
 *(.rela.gnu.linkonce.t*)

.rel.fini
 *(.rel.fini)

.rela.fini
 *(.rela.fini)

.rel.rodata
 *(.rel.rodata)
 *(.rel.rodata.*)
 *(.rel.gnu.linkonce.r*)

.rela.rodata
 *(.rela.rodata)
 *(.rela.rodata.*)
 *(.rela.gnu.linkonce.r*)

.rel.data
 *(.rel.data)
 *(.rel.data.*)
 *(.rel.gnu.linkonce.d*)

.rela.data
 *(.rela.data)
 *(.rela.data.*)
 *(.rela.gnu.linkonce.d*)

.rel.ctors
 *(.rel.ctors)

.rela.ctors
 *(.rela.ctors)

.rel.dtors
 *(.rel.dtors)

.rela.dtors
 *(.rela.dtors)

.rel.got
 *(.rel.got)

.rela.got
 *(.rela.got)

.rel.bss
 *(.rel.bss)

.rela.bss
 *(.rela.bss)

.rel.plt
 *(.rel.plt)

.rela.plt
 *(.rela.plt)

.text           0x00000000      0x8c0
 *(.vectors)
 .vectors       0x00000000       0x54 c:/winavr-20100110/bin/../lib/gcc/avr/4.3.3/../../../../avr/lib/avr5/crtm32.o
                0x00000000                __vectors
                0x00000000                __vector_default
 *(.vectors)
 *(.progmem.gcc*)
 *(.progmem*)
                0x00000054                . = ALIGN (0x2)
                0x00000054                __trampolines_start = .
 *(.trampolines)
 .trampolines   0x00000054        0x0 linker stubs
 *(.trampolines*)
                0x00000054                __trampolines_end = .
 *(.jumptables)
 *(.jumptables*)
 *(.lowtext)
 *(.lowtext*)
                0x00000054                __ctors_start = .
 *(.ctors)
                0x00000054                __ctors_end = .
                0x00000054                __dtors_start = .
 *(.dtors)
                0x00000054                __dtors_end = .
 SORT(*)(.ctors)
 SORT(*)(.dtors)
 *(.init0)
 .init0         0x00000054        0x0 c:/winavr-20100110/bin/../lib/gcc/avr/4.3.3/../../../../avr/lib/avr5/crtm32.o
                0x00000054                __init
 *(.init0)
 *(.init1)
 *(.init1)
 *(.init2)
 .init2         0x00000054        0xc c:/winavr-20100110/bin/../lib/gcc/avr/4.3.3/../../../../avr/lib/avr5/crtm32.o
 *(.init2)
 *(.init3)
 *(.init3)
 *(.init4)
 .init4         0x00000060       0x16 c:/winavr-20100110/bin/../lib/gcc/avr/4.3.3/avr5\libgcc.a(_copy_data.o)
                0x00000060                __do_copy_data
 .init4         0x00000076       0x10 c:/winavr-20100110/bin/../lib/gcc/avr/4.3.3/avr5\libgcc.a(_clear_bss.o)
                0x00000076                __do_clear_bss
 *(.init4)
 *(.init5)
 *(.init5)
 *(.init6)
 *(.init6)
 *(.init7)
 *(.init7)
 *(.init8)
 *(.init8)
 *(.init9)
 .init9         0x00000086        0x8 c:/winavr-20100110/bin/../lib/gcc/avr/4.3.3/../../../../avr/lib/avr5/crtm32.o
 *(.init9)
 *(.text)
 .text          0x0000008e        0x4 c:/winavr-20100110/bin/../lib/gcc/avr/4.3.3/../../../../avr/lib/avr5/crtm32.o
                0x0000008e                __vector_1
                0x0000008e                __vector_12
                0x0000008e                __bad_interrupt
                0x0000008e                __vector_3
                0x0000008e                __vector_11
                0x0000008e                __vector_13
                0x0000008e                __vector_17
                0x0000008e                __vector_19
                0x0000008e                __vector_7
                0x0000008e                __vector_5
                0x0000008e                __vector_4
                0x0000008e                __vector_9
                0x0000008e                __vector_2
                0x0000008e                __vector_15
                0x0000008e                __vector_8
                0x0000008e                __vector_14
                0x0000008e                __vector_10
                0x0000008e                __vector_16
                0x0000008e                __vector_18
                0x0000008e                __vector_20
 .text          0x00000092        0x0 ./Buzzer.o
 .text          0x00000092        0x0 ./DcMotor.o
 .text          0x00000092        0x0 ./GPIO.o
 .text          0x00000092        0x0 ./ICU.o
 .text          0x00000092        0x0 ./MotorDriver.o
 .text          0x00000092        0x0 ./Ultrasonic_sensor _HC-SR04.o
 .text          0x00000092        0x0 ./adc.o
 .text          0x00000092        0x0 ./app.o
 .text          0x00000092        0x0 ./bluetooth.o
 .text          0x00000092        0x0 ./servo.o
 .text          0x00000092        0x0 ./timer.o
 .text          0x00000092        0x0 ./uart.o
 .text          0x00000092        0x0 c:/winavr-20100110/bin/../lib/gcc/avr/4.3.3/avr5\libgcc.a(_udivmodsi4.o)
 .text          0x00000092        0x0 c:/winavr-20100110/bin/../lib/gcc/avr/4.3.3/avr5\libgcc.a(_exit.o)
 .text          0x00000092        0x0 c:/winavr-20100110/bin/../lib/gcc/avr/4.3.3/avr5\libgcc.a(_copy_data.o)
 .text          0x00000092        0x0 c:/winavr-20100110/bin/../lib/gcc/avr/4.3.3/avr5\libgcc.a(_clear_bss.o)
                0x00000092                . = ALIGN (0x2)
 *(.text.*)
 .text.Buzzer_off
                0x00000092        0xc ./Buzzer.o
                0x00000092                Buzzer_off
 .text.Buzzer_on
                0x0000009e        0xc ./Buzzer.o
                0x0000009e                Buzzer_on
 .text.Buzzer_pep
                0x000000aa       0x28 ./Buzzer.o
                0x000000aa                Buzzer_pep
 .text.Buzzer_init
                0x000000d2       0x16 ./Buzzer.o
                0x000000d2                Buzzer_init
 .text.Motor2_Rot
                0x000000e8       0x4c ./DcMotor.o
                0x000000e8                Motor2_Rot
 .text.Motor1_Rot
                0x00000134       0x4c ./DcMotor.o
                0x00000134                Motor1_Rot
 .text.Motor_Init
                0x00000180       0x5c ./DcMotor.o
                0x00000180                Motor_Init
 .text.pinMode  0x000001dc       0xe8 ./GPIO.o
                0x000001dc                pinMode
 .text.pinWrite
                0x000002c4       0xe8 ./GPIO.o
                0x000002c4                pinWrite
 .text.pinRead  0x000003ac       0x3c ./GPIO.o
                0x000003ac                pinRead
 .text.portMode
                0x000003e8       0x26 ./GPIO.o
                0x000003e8                portMode
 .text.portWrite
                0x0000040e       0x26 ./GPIO.o
                0x0000040e                portWrite
 .text.portRead
                0x00000434       0x2a ./GPIO.o
                0x00000434                portRead
 .text.__vector_6
                0x0000045e       0x52 ./ICU.o
                0x0000045e                __vector_6
 .text.ICU_setCallBack
                0x000004b0        0xa ./ICU.o
                0x000004b0                ICU_setCallBack
 .text.ICU_setEdgeDetectionType
                0x000004ba       0x12 ./ICU.o
                0x000004ba                ICU_setEdgeDetectionType
 .text.ICU_getInputCaptureValue
                0x000004cc        0x8 ./ICU.o
                0x000004cc                ICU_getInputCaptureValue
 .text.ICU_clearTimerValue
                0x000004d4        0x6 ./ICU.o
                0x000004d4                ICU_clearTimerValue
 .text.ICU_DeInit
                0x000004da       0x14 ./ICU.o
                0x000004da                ICU_DeInit
 .text.ICU_init
                0x000004ee       0x3a ./ICU.o
                0x000004ee                ICU_init
 .text.speed    0x00000528        0x6 ./MotorDriver.o
                0x00000528                speed
 .text.stop     0x0000052e        0xe ./MotorDriver.o
                0x0000052e                stop
 .text.right    0x0000053c        0xe ./MotorDriver.o
                0x0000053c                right
 .text.left     0x0000054a        0xe ./MotorDriver.o
                0x0000054a                left
 .text.backward
                0x00000558        0xe ./MotorDriver.o
                0x00000558                backward
 .text.forward  0x00000566        0xe ./MotorDriver.o
                0x00000566                forward
 .text.Driver   0x00000574        0x6 ./MotorDriver.o
                0x00000574                Driver
 .text.Ultrasonic_edgeProcessing
                0x0000057a       0x36 ./Ultrasonic_sensor _HC-SR04.o
                0x0000057a                Ultrasonic_edgeProcessing
 .text.Ultrasonic_Trigger
                0x000005b0       0x1c ./Ultrasonic_sensor _HC-SR04.o
                0x000005b0                Ultrasonic_Trigger
 .text.Ultrasonic_readDistance
                0x000005cc       0x12 ./Ultrasonic_sensor _HC-SR04.o
                0x000005cc                Ultrasonic_readDistance
 .text.Ultrasonic_init
                0x000005de       0x1c ./Ultrasonic_sensor _HC-SR04.o
                0x000005de                Ultrasonic_init
 .text.ADC_init
                0x000005fa        0xa ./adc.o
                0x000005fa                ADC_init
 .text.ADC_readChannel
                0x00000604       0x1c ./adc.o
                0x00000604                ADC_readChannel
 .text.rc_car_mode
                0x00000620      0x142 ./app.o
                0x00000620                rc_car_mode
 .text.main     0x00000762       0x22 ./app.o
                0x00000762                main
 .text.BT_TX_string
                0x00000784        0x6 ./bluetooth.o
                0x00000784                BT_TX_string
 .text.BT_TX    0x0000078a        0x6 ./bluetooth.o
                0x0000078a                BT_TX
 .text.BT_RX    0x00000790        0x6 ./bluetooth.o
                0x00000790                BT_RX
 .text.BT_Init  0x00000796        0xe ./bluetooth.o
                0x00000796                BT_Init
 .text.Servo_SetAngle
                0x000007a4        0x6 ./servo.o
                0x000007a4                Servo_SetAngle
 .text.Servo_Init
                0x000007aa        0x6 ./servo.o
                0x000007aa                Servo_Init
 .text.T0_init  0x000007b0        0xa ./timer.o
                0x000007b0                T0_init
 .text.T0_PWM   0x000007ba       0x24 ./timer.o
                0x000007ba                T0_PWM
 .text.T2_init  0x000007de        0xa ./timer.o
                0x000007de                T2_init
 .text.T2_PWM   0x000007e8        0x4 ./timer.o
                0x000007e8                T2_PWM
 .text.UART_init
                0x000007ec       0x34 ./uart.o
                0x000007ec                UART_init
 .text.UART_sendByte
                0x00000820        0x8 ./uart.o
                0x00000820                UART_sendByte
 .text.UART_recieveByte
                0x00000828        0x8 ./uart.o
                0x00000828                UART_recieveByte
 .text.UART_sendString
                0x00000830       0x1a ./uart.o
                0x00000830                UART_sendString
 .text.UART_receiveString
                0x0000084a       0x2e ./uart.o
                0x0000084a                UART_receiveString
 .text.libgcc   0x00000878       0x44 c:/winavr-20100110/bin/../lib/gcc/avr/4.3.3/avr5\libgcc.a(_udivmodsi4.o)
                0x00000878                __udivmodsi4
 .text.libgcc   0x000008bc        0x0 c:/winavr-20100110/bin/../lib/gcc/avr/4.3.3/avr5\libgcc.a(_exit.o)
 .text.libgcc   0x000008bc        0x0 c:/winavr-20100110/bin/../lib/gcc/avr/4.3.3/avr5\libgcc.a(_copy_data.o)
 .text.libgcc   0x000008bc        0x0 c:/winavr-20100110/bin/../lib/gcc/avr/4.3.3/avr5\libgcc.a(_clear_bss.o)
                0x000008bc                . = ALIGN (0x2)
 *(.fini9)
 .fini9         0x000008bc        0x0 c:/winavr-20100110/bin/../lib/gcc/avr/4.3.3/avr5\libgcc.a(_exit.o)
                0x000008bc                exit
                0x000008bc                _exit
 *(.fini9)
 *(.fini8)
 *(.fini8)
 *(.fini7)
 *(.fini7)
 *(.fini6)
 *(.fini6)
 *(.fini5)
 *(.fini5)
 *(.fini4)
 *(.fini4)
 *(.fini3)
 *(.fini3)
 *(.fini2)
 *(.fini2)
 *(.fini1)
 *(.fini1)
 *(.fini0)
 .fini0         0x000008bc        0x4 c:/winavr-20100110/bin/../lib/gcc/avr/4.3.3/avr5\libgcc.a(_exit.o)
 *(.fini0)
                0x000008c0                _etext = .

.data           0x00800060        0x2 load address 0x000008c0
                0x00800060                PROVIDE (__data_start, .)
 *(.data)
 .data          0x00800060        0x0 c:/winavr-20100110/bin/../lib/gcc/avr/4.3.3/../../../../avr/lib/avr5/crtm32.o
 .data          0x00800060        0x0 ./Buzzer.o
 .data          0x00800060        0x0 ./DcMotor.o
 .data          0x00800060        0x0 ./GPIO.o
 .data          0x00800060        0x0 ./ICU.o
 .data          0x00800060        0x0 ./MotorDriver.o
 .data          0x00800060        0x0 ./Ultrasonic_sensor _HC-SR04.o
 .data          0x00800060        0x0 ./adc.o
 .data          0x00800060        0x0 ./app.o
 .data          0x00800060        0x0 ./bluetooth.o
 .data          0x00800060        0x0 ./servo.o
 .data          0x00800060        0x0 ./timer.o
 .data          0x00800060        0x0 ./uart.o
 .data          0x00800060        0x0 c:/winavr-20100110/bin/../lib/gcc/avr/4.3.3/avr5\libgcc.a(_udivmodsi4.o)
 .data          0x00800060        0x0 c:/winavr-20100110/bin/../lib/gcc/avr/4.3.3/avr5\libgcc.a(_exit.o)
 .data          0x00800060        0x0 c:/winavr-20100110/bin/../lib/gcc/avr/4.3.3/avr5\libgcc.a(_copy_data.o)
 .data          0x00800060        0x0 c:/winavr-20100110/bin/../lib/gcc/avr/4.3.3/avr5\libgcc.a(_clear_bss.o)
 *(.data*)
 .data.config   0x00800060        0x2 ./Ultrasonic_sensor _HC-SR04.o
                0x00800060                config
 *(.rodata)
 *(.rodata*)
 *(.gnu.linkonce.d*)
                0x00800062                . = ALIGN (0x2)
                0x00800062                _edata = .
                0x00800062                PROVIDE (__data_end, .)

.bss            0x00800062        0x6
                0x00800062                PROVIDE (__bss_start, .)
 *(.bss)
 .bss           0x00800062        0x0 c:/winavr-20100110/bin/../lib/gcc/avr/4.3.3/../../../../avr/lib/avr5/crtm32.o
 .bss           0x00800062        0x0 ./Buzzer.o
 .bss           0x00800062        0x0 ./DcMotor.o
 .bss           0x00800062        0x0 ./GPIO.o
 .bss           0x00800062        0x0 ./ICU.o
 .bss           0x00800062        0x0 ./MotorDriver.o
 .bss           0x00800062        0x0 ./Ultrasonic_sensor _HC-SR04.o
 .bss           0x00800062        0x0 ./adc.o
 .bss           0x00800062        0x0 ./app.o
 .bss           0x00800062        0x0 ./bluetooth.o
 .bss           0x00800062        0x0 ./servo.o
 .bss           0x00800062        0x0 ./timer.o
 .bss           0x00800062        0x0 ./uart.o
 .bss           0x00800062        0x0 c:/winavr-20100110/bin/../lib/gcc/avr/4.3.3/avr5\libgcc.a(_udivmodsi4.o)
 .bss           0x00800062        0x0 c:/winavr-20100110/bin/../lib/gcc/avr/4.3.3/avr5\libgcc.a(_exit.o)
 .bss           0x00800062        0x0 c:/winavr-20100110/bin/../lib/gcc/avr/4.3.3/avr5\libgcc.a(_copy_data.o)
 .bss           0x00800062        0x0 c:/winavr-20100110/bin/../lib/gcc/avr/4.3.3/avr5\libgcc.a(_clear_bss.o)
 *(.bss*)
 .bss.fun_ptr   0x00800062        0x2 ./ICU.o
 .bss.icu_counter
                0x00800064        0x1 ./Ultrasonic_sensor _HC-SR04.o
                0x00800064                icu_counter
 .bss.icu_timer_value
                0x00800065        0x2 ./Ultrasonic_sensor _HC-SR04.o
                0x00800065                icu_timer_value
 *(COMMON)
 COMMON         0x00800067        0x1 ./app.o
                0x00800067                choice
                0x00800068                PROVIDE (__bss_end, .)
                0x000008c0                __data_load_start = LOADADDR (.data)
                0x000008c2                __data_load_end = (__data_load_start + SIZEOF (.data))

.noinit         0x00800068        0x0
                0x00800068                PROVIDE (__noinit_start, .)
 *(.noinit*)
                0x00800068                PROVIDE (__noinit_end, .)
                0x00800068                _end = .
                0x00800068                PROVIDE (__heap_start, .)

.eeprom         0x00810000        0x0
 *(.eeprom*)
                0x00810000                __eeprom_end = .

.fuse
 *(.fuse)
 *(.lfuse)
 *(.hfuse)
 *(.efuse)

.lock
 *(.lock*)

.signature
 *(.signature*)

.stab
 *(.stab)

.stabstr
 *(.stabstr)

.stab.excl
 *(.stab.excl)

.stab.exclstr
 *(.stab.exclstr)

.stab.index
 *(.stab.index)

.stab.indexstr
 *(.stab.indexstr)

.comment
 *(.comment)

.debug
 *(.debug)

.line
 *(.line)

.debug_srcinfo
 *(.debug_srcinfo)

.debug_sfnames
 *(.debug_sfnames)

.debug_aranges
 *(.debug_aranges)

.debug_pubnames
 *(.debug_pubnames)

.debug_info
 *(.debug_info)
 *(.gnu.linkonce.wi.*)

.debug_abbrev
 *(.debug_abbrev)

.debug_line
 *(.debug_line)

.debug_frame
 *(.debug_frame)

.debug_str
 *(.debug_str)

.debug_loc
 *(.debug_loc)

.debug_macinfo
 *(.debug_macinfo)
OUTPUT(rc_car_project.elf elf32-avr)
LOAD linker stubs
